--------------------------------------------------------------------------------
Release 14.5 Trace  (nt)
Copyright (c) 1995-2012 Xilinx, Inc.  All rights reserved.

E:\bro\NewFolder\14.5\ISE_DS\ISE\bin\nt\unwrapped\trce.exe -intstyle ise -v 3
-s 3 -n 3 -fastpaths -xml largeALU.twx largeALU.ncd -o largeALU.twr
largeALU.pcf

Design file:              largeALU.ncd
Physical constraint file: largeALU.pcf
Device,package,speed:     xc7a100t,csg324,C,-3 (PRODUCTION 1.08 2013-03-26)
Report level:             verbose report

Environment Variable      Effect 
--------------------      ------ 
NONE                      No environment variables were set
--------------------------------------------------------------------------------

INFO:Timing:2698 - No timing constraints found, doing default enumeration.
INFO:Timing:3412 - To improve timing, see the Timing Closure User Guide (UG612).
INFO:Timing:2752 - To get complete path coverage, use the unconstrained paths 
   option. All paths that are not constrained will be reported in the 
   unconstrained paths section(s) of the report.
INFO:Timing:3339 - The clock-to-out numbers in this timing report are based on 
   a 50 Ohm transmission line loading model.  For the details of this model, 
   and for more information on accounting for different loading conditions, 
   please see the device datasheet.



Data Sheet report:
-----------------
All values displayed in nanoseconds (ns)

Pad to Pad
---------------+---------------+---------+
Source Pad     |Destination Pad|  Delay  |
---------------+---------------+---------+
aluop<0>       |dataOut<0>     |    7.738|
aluop<0>       |dataOut<1>     |    8.142|
aluop<0>       |dataOut<2>     |    8.548|
aluop<0>       |dataOut<3>     |    8.330|
aluop<0>       |dataOut<4>     |    8.014|
aluop<0>       |dataOut<5>     |    7.781|
aluop<0>       |dataOut<6>     |    7.822|
aluop<0>       |dataOut<7>     |    7.320|
aluop<0>       |dataOut<8>     |    7.176|
aluop<0>       |dataOut<9>     |    7.430|
aluop<0>       |dataOut<10>    |    7.009|
aluop<0>       |dataOut<11>    |    6.592|
aluop<0>       |dataOut<12>    |    7.707|
aluop<0>       |dataOut<13>    |    7.467|
aluop<0>       |dataOut<14>    |    8.379|
aluop<0>       |dataOut<15>    |    8.439|
aluop<0>       |dataOut<16>    |    8.829|
aluop<0>       |dataOut<17>    |    8.636|
aluop<0>       |dataOut<18>    |    8.566|
aluop<0>       |dataOut<19>    |    8.865|
aluop<0>       |dataOut<20>    |    8.495|
aluop<0>       |dataOut<21>    |    9.135|
aluop<0>       |dataOut<22>    |    8.608|
aluop<0>       |dataOut<23>    |    9.763|
aluop<0>       |dataOut<24>    |    8.554|
aluop<0>       |dataOut<25>    |    9.129|
aluop<0>       |dataOut<26>    |    8.249|
aluop<0>       |dataOut<27>    |    9.327|
aluop<0>       |dataOut<28>    |    8.244|
aluop<0>       |dataOut<29>    |    9.095|
aluop<0>       |dataOut<30>    |    7.948|
aluop<0>       |dataOut<31>    |    8.616|
aluop<1>       |dataOut<0>     |    7.725|
aluop<1>       |dataOut<1>     |    8.445|
aluop<1>       |dataOut<2>     |    8.243|
aluop<1>       |dataOut<3>     |    8.693|
aluop<1>       |dataOut<4>     |    8.289|
aluop<1>       |dataOut<5>     |    7.996|
aluop<1>       |dataOut<6>     |    8.329|
aluop<1>       |dataOut<7>     |    7.652|
aluop<1>       |dataOut<8>     |    6.940|
aluop<1>       |dataOut<9>     |    7.425|
aluop<1>       |dataOut<10>    |    6.777|
aluop<1>       |dataOut<11>    |    6.923|
aluop<1>       |dataOut<12>    |    7.423|
aluop<1>       |dataOut<13>    |    7.800|
aluop<1>       |dataOut<14>    |    8.888|
aluop<1>       |dataOut<15>    |    8.343|
aluop<1>       |dataOut<16>    |    8.967|
aluop<1>       |dataOut<17>    |    9.198|
aluop<1>       |dataOut<18>    |    8.875|
aluop<1>       |dataOut<19>    |    9.189|
aluop<1>       |dataOut<20>    |    8.409|
aluop<1>       |dataOut<21>    |    8.989|
aluop<1>       |dataOut<22>    |    8.857|
aluop<1>       |dataOut<23>    |    9.553|
aluop<1>       |dataOut<24>    |    8.674|
aluop<1>       |dataOut<25>    |    9.116|
aluop<1>       |dataOut<26>    |    8.575|
aluop<1>       |dataOut<27>    |    9.325|
aluop<1>       |dataOut<28>    |    8.339|
aluop<1>       |dataOut<29>    |    9.159|
aluop<1>       |dataOut<30>    |    7.871|
aluop<1>       |dataOut<31>    |    8.865|
aluop<2>       |cflag          |   19.087|
aluop<2>       |dataOut<0>     |    7.866|
aluop<2>       |dataOut<1>     |    8.738|
aluop<2>       |dataOut<2>     |    8.795|
aluop<2>       |dataOut<3>     |    9.454|
aluop<2>       |dataOut<4>     |    9.216|
aluop<2>       |dataOut<5>     |    9.801|
aluop<2>       |dataOut<6>     |   10.324|
aluop<2>       |dataOut<7>     |   10.502|
aluop<2>       |dataOut<8>     |   11.788|
aluop<2>       |dataOut<9>     |   12.162|
aluop<2>       |dataOut<10>    |   12.050|
aluop<2>       |dataOut<11>    |   12.522|
aluop<2>       |dataOut<12>    |   12.885|
aluop<2>       |dataOut<13>    |   13.165|
aluop<2>       |dataOut<14>    |   13.810|
aluop<2>       |dataOut<15>    |   14.456|
aluop<2>       |dataOut<16>    |   14.373|
aluop<2>       |dataOut<17>    |   14.949|
aluop<2>       |dataOut<18>    |   14.644|
aluop<2>       |dataOut<19>    |   15.483|
aluop<2>       |dataOut<20>    |   15.258|
aluop<2>       |dataOut<21>    |   15.501|
aluop<2>       |dataOut<22>    |   16.524|
aluop<2>       |dataOut<23>    |   15.983|
aluop<2>       |dataOut<24>    |   16.691|
aluop<2>       |dataOut<25>    |   16.924|
aluop<2>       |dataOut<26>    |   17.080|
aluop<2>       |dataOut<27>    |   17.247|
aluop<2>       |dataOut<28>    |   18.199|
aluop<2>       |dataOut<29>    |   18.192|
aluop<2>       |dataOut<30>    |   18.989|
aluop<2>       |dataOut<31>    |   18.261|
cin            |cflag          |   18.710|
cin            |dataOut<0>     |    6.098|
cin            |dataOut<1>     |    7.923|
cin            |dataOut<2>     |    8.418|
cin            |dataOut<3>     |    9.077|
cin            |dataOut<4>     |    8.839|
cin            |dataOut<5>     |    9.424|
cin            |dataOut<6>     |    9.947|
cin            |dataOut<7>     |   10.125|
cin            |dataOut<8>     |   11.411|
cin            |dataOut<9>     |   11.785|
cin            |dataOut<10>    |   11.673|
cin            |dataOut<11>    |   12.145|
cin            |dataOut<12>    |   12.508|
cin            |dataOut<13>    |   12.788|
cin            |dataOut<14>    |   13.433|
cin            |dataOut<15>    |   14.079|
cin            |dataOut<16>    |   13.996|
cin            |dataOut<17>    |   14.572|
cin            |dataOut<18>    |   14.267|
cin            |dataOut<19>    |   15.106|
cin            |dataOut<20>    |   14.881|
cin            |dataOut<21>    |   15.124|
cin            |dataOut<22>    |   16.147|
cin            |dataOut<23>    |   15.606|
cin            |dataOut<24>    |   16.314|
cin            |dataOut<25>    |   16.547|
cin            |dataOut<26>    |   16.703|
cin            |dataOut<27>    |   16.870|
cin            |dataOut<28>    |   17.822|
cin            |dataOut<29>    |   17.815|
cin            |dataOut<30>    |   18.612|
cin            |dataOut<31>    |   17.884|
data1<0>       |cflag          |   18.028|
data1<0>       |dataOut<0>     |    6.407|
data1<0>       |dataOut<1>     |    7.555|
data1<0>       |dataOut<2>     |    7.736|
data1<0>       |dataOut<3>     |    8.395|
data1<0>       |dataOut<4>     |    8.157|
data1<0>       |dataOut<5>     |    8.742|
data1<0>       |dataOut<6>     |    9.265|
data1<0>       |dataOut<7>     |    9.443|
data1<0>       |dataOut<8>     |   10.729|
data1<0>       |dataOut<9>     |   11.103|
data1<0>       |dataOut<10>    |   10.991|
data1<0>       |dataOut<11>    |   11.463|
data1<0>       |dataOut<12>    |   11.826|
data1<0>       |dataOut<13>    |   12.106|
data1<0>       |dataOut<14>    |   12.751|
data1<0>       |dataOut<15>    |   13.397|
data1<0>       |dataOut<16>    |   13.314|
data1<0>       |dataOut<17>    |   13.890|
data1<0>       |dataOut<18>    |   13.585|
data1<0>       |dataOut<19>    |   14.424|
data1<0>       |dataOut<20>    |   14.199|
data1<0>       |dataOut<21>    |   14.442|
data1<0>       |dataOut<22>    |   15.465|
data1<0>       |dataOut<23>    |   14.924|
data1<0>       |dataOut<24>    |   15.632|
data1<0>       |dataOut<25>    |   15.865|
data1<0>       |dataOut<26>    |   16.021|
data1<0>       |dataOut<27>    |   16.188|
data1<0>       |dataOut<28>    |   17.140|
data1<0>       |dataOut<29>    |   17.133|
data1<0>       |dataOut<30>    |   17.930|
data1<0>       |dataOut<31>    |   17.202|
data1<1>       |cflag          |   18.270|
data1<1>       |dataOut<1>     |    6.780|
data1<1>       |dataOut<2>     |    7.978|
data1<1>       |dataOut<3>     |    8.637|
data1<1>       |dataOut<4>     |    8.399|
data1<1>       |dataOut<5>     |    8.984|
data1<1>       |dataOut<6>     |    9.507|
data1<1>       |dataOut<7>     |    9.685|
data1<1>       |dataOut<8>     |   10.971|
data1<1>       |dataOut<9>     |   11.345|
data1<1>       |dataOut<10>    |   11.233|
data1<1>       |dataOut<11>    |   11.705|
data1<1>       |dataOut<12>    |   12.068|
data1<1>       |dataOut<13>    |   12.348|
data1<1>       |dataOut<14>    |   12.993|
data1<1>       |dataOut<15>    |   13.639|
data1<1>       |dataOut<16>    |   13.556|
data1<1>       |dataOut<17>    |   14.132|
data1<1>       |dataOut<18>    |   13.827|
data1<1>       |dataOut<19>    |   14.666|
data1<1>       |dataOut<20>    |   14.441|
data1<1>       |dataOut<21>    |   14.684|
data1<1>       |dataOut<22>    |   15.707|
data1<1>       |dataOut<23>    |   15.166|
data1<1>       |dataOut<24>    |   15.874|
data1<1>       |dataOut<25>    |   16.107|
data1<1>       |dataOut<26>    |   16.263|
data1<1>       |dataOut<27>    |   16.430|
data1<1>       |dataOut<28>    |   17.382|
data1<1>       |dataOut<29>    |   17.375|
data1<1>       |dataOut<30>    |   18.172|
data1<1>       |dataOut<31>    |   17.444|
data1<2>       |cflag          |   17.986|
data1<2>       |dataOut<2>     |    7.690|
data1<2>       |dataOut<3>     |    8.388|
data1<2>       |dataOut<4>     |    8.115|
data1<2>       |dataOut<5>     |    8.700|
data1<2>       |dataOut<6>     |    9.223|
data1<2>       |dataOut<7>     |    9.401|
data1<2>       |dataOut<8>     |   10.687|
data1<2>       |dataOut<9>     |   11.061|
data1<2>       |dataOut<10>    |   10.949|
data1<2>       |dataOut<11>    |   11.421|
data1<2>       |dataOut<12>    |   11.784|
data1<2>       |dataOut<13>    |   12.064|
data1<2>       |dataOut<14>    |   12.709|
data1<2>       |dataOut<15>    |   13.355|
data1<2>       |dataOut<16>    |   13.272|
data1<2>       |dataOut<17>    |   13.848|
data1<2>       |dataOut<18>    |   13.543|
data1<2>       |dataOut<19>    |   14.382|
data1<2>       |dataOut<20>    |   14.157|
data1<2>       |dataOut<21>    |   14.400|
data1<2>       |dataOut<22>    |   15.423|
data1<2>       |dataOut<23>    |   14.882|
data1<2>       |dataOut<24>    |   15.590|
data1<2>       |dataOut<25>    |   15.823|
data1<2>       |dataOut<26>    |   15.979|
data1<2>       |dataOut<27>    |   16.146|
data1<2>       |dataOut<28>    |   17.098|
data1<2>       |dataOut<29>    |   17.091|
data1<2>       |dataOut<30>    |   17.888|
data1<2>       |dataOut<31>    |   17.160|
data1<3>       |cflag          |   18.640|
data1<3>       |dataOut<3>     |    8.843|
data1<3>       |dataOut<4>     |    8.769|
data1<3>       |dataOut<5>     |    9.354|
data1<3>       |dataOut<6>     |    9.877|
data1<3>       |dataOut<7>     |   10.055|
data1<3>       |dataOut<8>     |   11.341|
data1<3>       |dataOut<9>     |   11.715|
data1<3>       |dataOut<10>    |   11.603|
data1<3>       |dataOut<11>    |   12.075|
data1<3>       |dataOut<12>    |   12.438|
data1<3>       |dataOut<13>    |   12.718|
data1<3>       |dataOut<14>    |   13.363|
data1<3>       |dataOut<15>    |   14.009|
data1<3>       |dataOut<16>    |   13.926|
data1<3>       |dataOut<17>    |   14.502|
data1<3>       |dataOut<18>    |   14.197|
data1<3>       |dataOut<19>    |   15.036|
data1<3>       |dataOut<20>    |   14.811|
data1<3>       |dataOut<21>    |   15.054|
data1<3>       |dataOut<22>    |   16.077|
data1<3>       |dataOut<23>    |   15.536|
data1<3>       |dataOut<24>    |   16.244|
data1<3>       |dataOut<25>    |   16.477|
data1<3>       |dataOut<26>    |   16.633|
data1<3>       |dataOut<27>    |   16.800|
data1<3>       |dataOut<28>    |   17.752|
data1<3>       |dataOut<29>    |   17.745|
data1<3>       |dataOut<30>    |   18.542|
data1<3>       |dataOut<31>    |   17.814|
data1<4>       |cflag          |   16.560|
data1<4>       |dataOut<4>     |    6.603|
data1<4>       |dataOut<5>     |    7.469|
data1<4>       |dataOut<6>     |    7.797|
data1<4>       |dataOut<7>     |    7.975|
data1<4>       |dataOut<8>     |    9.261|
data1<4>       |dataOut<9>     |    9.635|
data1<4>       |dataOut<10>    |    9.523|
data1<4>       |dataOut<11>    |    9.995|
data1<4>       |dataOut<12>    |   10.358|
data1<4>       |dataOut<13>    |   10.638|
data1<4>       |dataOut<14>    |   11.283|
data1<4>       |dataOut<15>    |   11.929|
data1<4>       |dataOut<16>    |   11.846|
data1<4>       |dataOut<17>    |   12.422|
data1<4>       |dataOut<18>    |   12.117|
data1<4>       |dataOut<19>    |   12.956|
data1<4>       |dataOut<20>    |   12.731|
data1<4>       |dataOut<21>    |   12.974|
data1<4>       |dataOut<22>    |   13.997|
data1<4>       |dataOut<23>    |   13.456|
data1<4>       |dataOut<24>    |   14.164|
data1<4>       |dataOut<25>    |   14.397|
data1<4>       |dataOut<26>    |   14.553|
data1<4>       |dataOut<27>    |   14.720|
data1<4>       |dataOut<28>    |   15.672|
data1<4>       |dataOut<29>    |   15.665|
data1<4>       |dataOut<30>    |   16.462|
data1<4>       |dataOut<31>    |   15.734|
data1<5>       |cflag          |   16.709|
data1<5>       |dataOut<5>     |    8.087|
data1<5>       |dataOut<6>     |    7.946|
data1<5>       |dataOut<7>     |    8.124|
data1<5>       |dataOut<8>     |    9.410|
data1<5>       |dataOut<9>     |    9.784|
data1<5>       |dataOut<10>    |    9.672|
data1<5>       |dataOut<11>    |   10.144|
data1<5>       |dataOut<12>    |   10.507|
data1<5>       |dataOut<13>    |   10.787|
data1<5>       |dataOut<14>    |   11.432|
data1<5>       |dataOut<15>    |   12.078|
data1<5>       |dataOut<16>    |   11.995|
data1<5>       |dataOut<17>    |   12.571|
data1<5>       |dataOut<18>    |   12.266|
data1<5>       |dataOut<19>    |   13.105|
data1<5>       |dataOut<20>    |   12.880|
data1<5>       |dataOut<21>    |   13.123|
data1<5>       |dataOut<22>    |   14.146|
data1<5>       |dataOut<23>    |   13.605|
data1<5>       |dataOut<24>    |   14.313|
data1<5>       |dataOut<25>    |   14.546|
data1<5>       |dataOut<26>    |   14.702|
data1<5>       |dataOut<27>    |   14.869|
data1<5>       |dataOut<28>    |   15.821|
data1<5>       |dataOut<29>    |   15.814|
data1<5>       |dataOut<30>    |   16.611|
data1<5>       |dataOut<31>    |   15.883|
data1<6>       |cflag          |   15.963|
data1<6>       |dataOut<6>     |    7.261|
data1<6>       |dataOut<7>     |    7.291|
data1<6>       |dataOut<8>     |    8.664|
data1<6>       |dataOut<9>     |    9.038|
data1<6>       |dataOut<10>    |    8.926|
data1<6>       |dataOut<11>    |    9.398|
data1<6>       |dataOut<12>    |    9.761|
data1<6>       |dataOut<13>    |   10.041|
data1<6>       |dataOut<14>    |   10.686|
data1<6>       |dataOut<15>    |   11.332|
data1<6>       |dataOut<16>    |   11.249|
data1<6>       |dataOut<17>    |   11.825|
data1<6>       |dataOut<18>    |   11.520|
data1<6>       |dataOut<19>    |   12.359|
data1<6>       |dataOut<20>    |   12.134|
data1<6>       |dataOut<21>    |   12.377|
data1<6>       |dataOut<22>    |   13.400|
data1<6>       |dataOut<23>    |   12.859|
data1<6>       |dataOut<24>    |   13.567|
data1<6>       |dataOut<25>    |   13.800|
data1<6>       |dataOut<26>    |   13.956|
data1<6>       |dataOut<27>    |   14.123|
data1<6>       |dataOut<28>    |   15.075|
data1<6>       |dataOut<29>    |   15.068|
data1<6>       |dataOut<30>    |   15.865|
data1<6>       |dataOut<31>    |   15.137|
data1<7>       |cflag          |   15.584|
data1<7>       |dataOut<7>     |    7.017|
data1<7>       |dataOut<8>     |    8.285|
data1<7>       |dataOut<9>     |    8.659|
data1<7>       |dataOut<10>    |    8.547|
data1<7>       |dataOut<11>    |    9.019|
data1<7>       |dataOut<12>    |    9.382|
data1<7>       |dataOut<13>    |    9.662|
data1<7>       |dataOut<14>    |   10.307|
data1<7>       |dataOut<15>    |   10.953|
data1<7>       |dataOut<16>    |   10.870|
data1<7>       |dataOut<17>    |   11.446|
data1<7>       |dataOut<18>    |   11.141|
data1<7>       |dataOut<19>    |   11.980|
data1<7>       |dataOut<20>    |   11.755|
data1<7>       |dataOut<21>    |   11.998|
data1<7>       |dataOut<22>    |   13.021|
data1<7>       |dataOut<23>    |   12.480|
data1<7>       |dataOut<24>    |   13.188|
data1<7>       |dataOut<25>    |   13.421|
data1<7>       |dataOut<26>    |   13.577|
data1<7>       |dataOut<27>    |   13.744|
data1<7>       |dataOut<28>    |   14.696|
data1<7>       |dataOut<29>    |   14.689|
data1<7>       |dataOut<30>    |   15.486|
data1<7>       |dataOut<31>    |   14.758|
data1<8>       |cflag          |   14.063|
data1<8>       |dataOut<8>     |    7.106|
data1<8>       |dataOut<9>     |    7.416|
data1<8>       |dataOut<10>    |    7.026|
data1<8>       |dataOut<11>    |    7.498|
data1<8>       |dataOut<12>    |    7.861|
data1<8>       |dataOut<13>    |    8.141|
data1<8>       |dataOut<14>    |    8.786|
data1<8>       |dataOut<15>    |    9.432|
data1<8>       |dataOut<16>    |    9.349|
data1<8>       |dataOut<17>    |    9.925|
data1<8>       |dataOut<18>    |    9.620|
data1<8>       |dataOut<19>    |   10.459|
data1<8>       |dataOut<20>    |   10.234|
data1<8>       |dataOut<21>    |   10.477|
data1<8>       |dataOut<22>    |   11.500|
data1<8>       |dataOut<23>    |   10.959|
data1<8>       |dataOut<24>    |   11.667|
data1<8>       |dataOut<25>    |   11.900|
data1<8>       |dataOut<26>    |   12.056|
data1<8>       |dataOut<27>    |   12.223|
data1<8>       |dataOut<28>    |   13.175|
data1<8>       |dataOut<29>    |   13.168|
data1<8>       |dataOut<30>    |   13.965|
data1<8>       |dataOut<31>    |   13.237|
data1<9>       |cflag          |   14.502|
data1<9>       |dataOut<9>     |    7.941|
data1<9>       |dataOut<10>    |    7.465|
data1<9>       |dataOut<11>    |    7.937|
data1<9>       |dataOut<12>    |    8.300|
data1<9>       |dataOut<13>    |    8.580|
data1<9>       |dataOut<14>    |    9.225|
data1<9>       |dataOut<15>    |    9.871|
data1<9>       |dataOut<16>    |    9.788|
data1<9>       |dataOut<17>    |   10.364|
data1<9>       |dataOut<18>    |   10.059|
data1<9>       |dataOut<19>    |   10.898|
data1<9>       |dataOut<20>    |   10.673|
data1<9>       |dataOut<21>    |   10.916|
data1<9>       |dataOut<22>    |   11.939|
data1<9>       |dataOut<23>    |   11.398|
data1<9>       |dataOut<24>    |   12.106|
data1<9>       |dataOut<25>    |   12.339|
data1<9>       |dataOut<26>    |   12.495|
data1<9>       |dataOut<27>    |   12.662|
data1<9>       |dataOut<28>    |   13.614|
data1<9>       |dataOut<29>    |   13.607|
data1<9>       |dataOut<30>    |   14.404|
data1<9>       |dataOut<31>    |   13.676|
data1<10>      |cflag          |   13.969|
data1<10>      |dataOut<10>    |    6.978|
data1<10>      |dataOut<11>    |    7.100|
data1<10>      |dataOut<12>    |    7.767|
data1<10>      |dataOut<13>    |    8.047|
data1<10>      |dataOut<14>    |    8.692|
data1<10>      |dataOut<15>    |    9.338|
data1<10>      |dataOut<16>    |    9.255|
data1<10>      |dataOut<17>    |    9.831|
data1<10>      |dataOut<18>    |    9.526|
data1<10>      |dataOut<19>    |   10.365|
data1<10>      |dataOut<20>    |   10.140|
data1<10>      |dataOut<21>    |   10.383|
data1<10>      |dataOut<22>    |   11.406|
data1<10>      |dataOut<23>    |   10.865|
data1<10>      |dataOut<24>    |   11.573|
data1<10>      |dataOut<25>    |   11.806|
data1<10>      |dataOut<26>    |   11.962|
data1<10>      |dataOut<27>    |   12.129|
data1<10>      |dataOut<28>    |   13.081|
data1<10>      |dataOut<29>    |   13.074|
data1<10>      |dataOut<30>    |   13.871|
data1<10>      |dataOut<31>    |   13.143|
data1<11>      |cflag          |   14.028|
data1<11>      |dataOut<11>    |    7.159|
data1<11>      |dataOut<12>    |    7.826|
data1<11>      |dataOut<13>    |    8.106|
data1<11>      |dataOut<14>    |    8.751|
data1<11>      |dataOut<15>    |    9.397|
data1<11>      |dataOut<16>    |    9.314|
data1<11>      |dataOut<17>    |    9.890|
data1<11>      |dataOut<18>    |    9.585|
data1<11>      |dataOut<19>    |   10.424|
data1<11>      |dataOut<20>    |   10.199|
data1<11>      |dataOut<21>    |   10.442|
data1<11>      |dataOut<22>    |   11.465|
data1<11>      |dataOut<23>    |   10.924|
data1<11>      |dataOut<24>    |   11.632|
data1<11>      |dataOut<25>    |   11.865|
data1<11>      |dataOut<26>    |   12.021|
data1<11>      |dataOut<27>    |   12.188|
data1<11>      |dataOut<28>    |   13.140|
data1<11>      |dataOut<29>    |   13.133|
data1<11>      |dataOut<30>    |   13.930|
data1<11>      |dataOut<31>    |   13.202|
data1<12>      |cflag          |   13.646|
data1<12>      |dataOut<12>    |    6.943|
data1<12>      |dataOut<13>    |    7.396|
data1<12>      |dataOut<14>    |    8.369|
data1<12>      |dataOut<15>    |    9.015|
data1<12>      |dataOut<16>    |    8.932|
data1<12>      |dataOut<17>    |    9.508|
data1<12>      |dataOut<18>    |    9.203|
data1<12>      |dataOut<19>    |   10.042|
data1<12>      |dataOut<20>    |    9.817|
data1<12>      |dataOut<21>    |   10.060|
data1<12>      |dataOut<22>    |   11.083|
data1<12>      |dataOut<23>    |   10.542|
data1<12>      |dataOut<24>    |   11.250|
data1<12>      |dataOut<25>    |   11.483|
data1<12>      |dataOut<26>    |   11.639|
data1<12>      |dataOut<27>    |   11.806|
data1<12>      |dataOut<28>    |   12.758|
data1<12>      |dataOut<29>    |   12.751|
data1<12>      |dataOut<30>    |   13.548|
data1<12>      |dataOut<31>    |   12.820|
data1<13>      |cflag          |   13.473|
data1<13>      |dataOut<13>    |    7.169|
data1<13>      |dataOut<14>    |    8.196|
data1<13>      |dataOut<15>    |    8.842|
data1<13>      |dataOut<16>    |    8.759|
data1<13>      |dataOut<17>    |    9.335|
data1<13>      |dataOut<18>    |    9.030|
data1<13>      |dataOut<19>    |    9.869|
data1<13>      |dataOut<20>    |    9.644|
data1<13>      |dataOut<21>    |    9.887|
data1<13>      |dataOut<22>    |   10.910|
data1<13>      |dataOut<23>    |   10.369|
data1<13>      |dataOut<24>    |   11.077|
data1<13>      |dataOut<25>    |   11.310|
data1<13>      |dataOut<26>    |   11.466|
data1<13>      |dataOut<27>    |   11.633|
data1<13>      |dataOut<28>    |   12.585|
data1<13>      |dataOut<29>    |   12.578|
data1<13>      |dataOut<30>    |   13.375|
data1<13>      |dataOut<31>    |   12.647|
data1<14>      |cflag          |   13.205|
data1<14>      |dataOut<14>    |    7.809|
data1<14>      |dataOut<15>    |    7.831|
data1<14>      |dataOut<16>    |    8.491|
data1<14>      |dataOut<17>    |    9.067|
data1<14>      |dataOut<18>    |    8.762|
data1<14>      |dataOut<19>    |    9.601|
data1<14>      |dataOut<20>    |    9.376|
data1<14>      |dataOut<21>    |    9.619|
data1<14>      |dataOut<22>    |   10.642|
data1<14>      |dataOut<23>    |   10.101|
data1<14>      |dataOut<24>    |   10.809|
data1<14>      |dataOut<25>    |   11.042|
data1<14>      |dataOut<26>    |   11.198|
data1<14>      |dataOut<27>    |   11.365|
data1<14>      |dataOut<28>    |   12.317|
data1<14>      |dataOut<29>    |   12.310|
data1<14>      |dataOut<30>    |   13.107|
data1<14>      |dataOut<31>    |   12.379|
data1<15>      |cflag          |   13.549|
data1<15>      |dataOut<15>    |    8.032|
data1<15>      |dataOut<16>    |    8.835|
data1<15>      |dataOut<17>    |    9.411|
data1<15>      |dataOut<18>    |    9.106|
data1<15>      |dataOut<19>    |    9.945|
data1<15>      |dataOut<20>    |    9.720|
data1<15>      |dataOut<21>    |    9.963|
data1<15>      |dataOut<22>    |   10.986|
data1<15>      |dataOut<23>    |   10.445|
data1<15>      |dataOut<24>    |   11.153|
data1<15>      |dataOut<25>    |   11.386|
data1<15>      |dataOut<26>    |   11.542|
data1<15>      |dataOut<27>    |   11.709|
data1<15>      |dataOut<28>    |   12.661|
data1<15>      |dataOut<29>    |   12.654|
data1<15>      |dataOut<30>    |   13.451|
data1<15>      |dataOut<31>    |   12.723|
data1<16>      |cflag          |   11.921|
data1<16>      |dataOut<16>    |    7.555|
data1<16>      |dataOut<17>    |    7.804|
data1<16>      |dataOut<18>    |    7.478|
data1<16>      |dataOut<19>    |    8.317|
data1<16>      |dataOut<20>    |    8.092|
data1<16>      |dataOut<21>    |    8.335|
data1<16>      |dataOut<22>    |    9.358|
data1<16>      |dataOut<23>    |    8.817|
data1<16>      |dataOut<24>    |    9.525|
data1<16>      |dataOut<25>    |    9.758|
data1<16>      |dataOut<26>    |    9.914|
data1<16>      |dataOut<27>    |   10.081|
data1<16>      |dataOut<28>    |   11.033|
data1<16>      |dataOut<29>    |   11.026|
data1<16>      |dataOut<30>    |   11.823|
data1<16>      |dataOut<31>    |   11.095|
data1<17>      |cflag          |   11.730|
data1<17>      |dataOut<17>    |    7.539|
data1<17>      |dataOut<18>    |    7.287|
data1<17>      |dataOut<19>    |    8.126|
data1<17>      |dataOut<20>    |    7.901|
data1<17>      |dataOut<21>    |    8.144|
data1<17>      |dataOut<22>    |    9.167|
data1<17>      |dataOut<23>    |    8.626|
data1<17>      |dataOut<24>    |    9.334|
data1<17>      |dataOut<25>    |    9.567|
data1<17>      |dataOut<26>    |    9.723|
data1<17>      |dataOut<27>    |    9.890|
data1<17>      |dataOut<28>    |   10.842|
data1<17>      |dataOut<29>    |   10.835|
data1<17>      |dataOut<30>    |   11.632|
data1<17>      |dataOut<31>    |   10.904|
data1<18>      |cflag          |   11.722|
data1<18>      |dataOut<18>    |    7.061|
data1<18>      |dataOut<19>    |    7.554|
data1<18>      |dataOut<20>    |    7.893|
data1<18>      |dataOut<21>    |    8.136|
data1<18>      |dataOut<22>    |    9.159|
data1<18>      |dataOut<23>    |    8.618|
data1<18>      |dataOut<24>    |    9.326|
data1<18>      |dataOut<25>    |    9.559|
data1<18>      |dataOut<26>    |    9.715|
data1<18>      |dataOut<27>    |    9.882|
data1<18>      |dataOut<28>    |   10.834|
data1<18>      |dataOut<29>    |   10.827|
data1<18>      |dataOut<30>    |   11.624|
data1<18>      |dataOut<31>    |   10.896|
data1<19>      |cflag          |   11.422|
data1<19>      |dataOut<19>    |    7.283|
data1<19>      |dataOut<20>    |    7.593|
data1<19>      |dataOut<21>    |    7.836|
data1<19>      |dataOut<22>    |    8.859|
data1<19>      |dataOut<23>    |    8.318|
data1<19>      |dataOut<24>    |    9.026|
data1<19>      |dataOut<25>    |    9.259|
data1<19>      |dataOut<26>    |    9.415|
data1<19>      |dataOut<27>    |    9.582|
data1<19>      |dataOut<28>    |   10.534|
data1<19>      |dataOut<29>    |   10.527|
data1<19>      |dataOut<30>    |   11.324|
data1<19>      |dataOut<31>    |   10.596|
data1<20>      |cflag          |   10.489|
data1<20>      |dataOut<20>    |    6.962|
data1<20>      |dataOut<21>    |    8.648|
data1<20>      |dataOut<22>    |    7.926|
data1<20>      |dataOut<23>    |    7.385|
data1<20>      |dataOut<24>    |    8.093|
data1<20>      |dataOut<25>    |    8.326|
data1<20>      |dataOut<26>    |    8.482|
data1<20>      |dataOut<27>    |    8.649|
data1<20>      |dataOut<28>    |    9.601|
data1<20>      |dataOut<29>    |    9.594|
data1<20>      |dataOut<30>    |   10.391|
data1<20>      |dataOut<31>    |    9.663|
data1<21>      |cflag          |   10.649|
data1<21>      |dataOut<21>    |    7.658|
data1<21>      |dataOut<22>    |    8.086|
data1<21>      |dataOut<23>    |    7.545|
data1<21>      |dataOut<24>    |    8.253|
data1<21>      |dataOut<25>    |    8.486|
data1<21>      |dataOut<26>    |    8.642|
data1<21>      |dataOut<27>    |    8.809|
data1<21>      |dataOut<28>    |    9.761|
data1<21>      |dataOut<29>    |    9.754|
data1<21>      |dataOut<30>    |   10.551|
data1<21>      |dataOut<31>    |    9.823|
data1<22>      |cflag          |   10.008|
data1<22>      |dataOut<22>    |    7.167|
data1<22>      |dataOut<23>    |    7.794|
data1<22>      |dataOut<24>    |    7.612|
data1<22>      |dataOut<25>    |    7.845|
data1<22>      |dataOut<26>    |    8.001|
data1<22>      |dataOut<27>    |    8.168|
data1<22>      |dataOut<28>    |    9.120|
data1<22>      |dataOut<29>    |    9.113|
data1<22>      |dataOut<30>    |    9.910|
data1<22>      |dataOut<31>    |    9.182|
data1<23>      |cflag          |    9.826|
data1<23>      |dataOut<23>    |    7.881|
data1<23>      |dataOut<24>    |    7.430|
data1<23>      |dataOut<25>    |    7.663|
data1<23>      |dataOut<26>    |    7.819|
data1<23>      |dataOut<27>    |    7.986|
data1<23>      |dataOut<28>    |    8.938|
data1<23>      |dataOut<29>    |    8.931|
data1<23>      |dataOut<30>    |    9.728|
data1<23>      |dataOut<31>    |    9.000|
data1<24>      |cflag          |    9.227|
data1<24>      |dataOut<24>    |    6.588|
data1<24>      |dataOut<25>    |    7.477|
data1<24>      |dataOut<26>    |    7.220|
data1<24>      |dataOut<27>    |    7.387|
data1<24>      |dataOut<28>    |    8.339|
data1<24>      |dataOut<29>    |    8.332|
data1<24>      |dataOut<30>    |    9.129|
data1<24>      |dataOut<31>    |    8.401|
data1<25>      |cflag          |    9.099|
data1<25>      |dataOut<25>    |    7.276|
data1<25>      |dataOut<26>    |    7.092|
data1<25>      |dataOut<27>    |    7.259|
data1<25>      |dataOut<28>    |    8.211|
data1<25>      |dataOut<29>    |    8.204|
data1<25>      |dataOut<30>    |    9.001|
data1<25>      |dataOut<31>    |    8.273|
data1<26>      |cflag          |    8.670|
data1<26>      |dataOut<26>    |    6.509|
data1<26>      |dataOut<27>    |    8.076|
data1<26>      |dataOut<28>    |    7.782|
data1<26>      |dataOut<29>    |    7.775|
data1<26>      |dataOut<30>    |    8.572|
data1<26>      |dataOut<31>    |    7.844|
data1<27>      |cflag          |    8.769|
data1<27>      |dataOut<27>    |    7.568|
data1<27>      |dataOut<28>    |    7.881|
data1<27>      |dataOut<29>    |    7.874|
data1<27>      |dataOut<30>    |    8.671|
data1<27>      |dataOut<31>    |    7.943|
data1<28>      |cflag          |    8.433|
data1<28>      |dataOut<28>    |    7.177|
data1<28>      |dataOut<29>    |    7.870|
data1<28>      |dataOut<30>    |    8.335|
data1<28>      |dataOut<31>    |    7.607|
data1<29>      |cflag          |    8.444|
data1<29>      |dataOut<29>    |    7.996|
data1<29>      |dataOut<30>    |    8.346|
data1<29>      |dataOut<31>    |    7.618|
data1<30>      |cflag          |    7.254|
data1<30>      |dataOut<30>    |    7.838|
data1<30>      |dataOut<31>    |    8.334|
data1<31>      |cflag          |    7.654|
data1<31>      |dataOut<31>    |    8.576|
data2<0>       |cflag          |   18.313|
data2<0>       |dataOut<0>     |    5.997|
data2<0>       |dataOut<1>     |    7.727|
data2<0>       |dataOut<2>     |    8.021|
data2<0>       |dataOut<3>     |    8.680|
data2<0>       |dataOut<4>     |    8.442|
data2<0>       |dataOut<5>     |    9.027|
data2<0>       |dataOut<6>     |    9.550|
data2<0>       |dataOut<7>     |    9.728|
data2<0>       |dataOut<8>     |   11.014|
data2<0>       |dataOut<9>     |   11.388|
data2<0>       |dataOut<10>    |   11.276|
data2<0>       |dataOut<11>    |   11.748|
data2<0>       |dataOut<12>    |   12.111|
data2<0>       |dataOut<13>    |   12.391|
data2<0>       |dataOut<14>    |   13.036|
data2<0>       |dataOut<15>    |   13.682|
data2<0>       |dataOut<16>    |   13.599|
data2<0>       |dataOut<17>    |   14.175|
data2<0>       |dataOut<18>    |   13.870|
data2<0>       |dataOut<19>    |   14.709|
data2<0>       |dataOut<20>    |   14.484|
data2<0>       |dataOut<21>    |   14.727|
data2<0>       |dataOut<22>    |   15.750|
data2<0>       |dataOut<23>    |   15.209|
data2<0>       |dataOut<24>    |   15.917|
data2<0>       |dataOut<25>    |   16.150|
data2<0>       |dataOut<26>    |   16.306|
data2<0>       |dataOut<27>    |   16.473|
data2<0>       |dataOut<28>    |   17.425|
data2<0>       |dataOut<29>    |   17.418|
data2<0>       |dataOut<30>    |   18.215|
data2<0>       |dataOut<31>    |   17.487|
data2<1>       |cflag          |   18.234|
data2<1>       |dataOut<1>     |    6.461|
data2<1>       |dataOut<2>     |    7.942|
data2<1>       |dataOut<3>     |    8.601|
data2<1>       |dataOut<4>     |    8.363|
data2<1>       |dataOut<5>     |    8.948|
data2<1>       |dataOut<6>     |    9.471|
data2<1>       |dataOut<7>     |    9.649|
data2<1>       |dataOut<8>     |   10.935|
data2<1>       |dataOut<9>     |   11.309|
data2<1>       |dataOut<10>    |   11.197|
data2<1>       |dataOut<11>    |   11.669|
data2<1>       |dataOut<12>    |   12.032|
data2<1>       |dataOut<13>    |   12.312|
data2<1>       |dataOut<14>    |   12.957|
data2<1>       |dataOut<15>    |   13.603|
data2<1>       |dataOut<16>    |   13.520|
data2<1>       |dataOut<17>    |   14.096|
data2<1>       |dataOut<18>    |   13.791|
data2<1>       |dataOut<19>    |   14.630|
data2<1>       |dataOut<20>    |   14.405|
data2<1>       |dataOut<21>    |   14.648|
data2<1>       |dataOut<22>    |   15.671|
data2<1>       |dataOut<23>    |   15.130|
data2<1>       |dataOut<24>    |   15.838|
data2<1>       |dataOut<25>    |   16.071|
data2<1>       |dataOut<26>    |   16.227|
data2<1>       |dataOut<27>    |   16.394|
data2<1>       |dataOut<28>    |   17.346|
data2<1>       |dataOut<29>    |   17.339|
data2<1>       |dataOut<30>    |   18.136|
data2<1>       |dataOut<31>    |   17.408|
data2<2>       |cflag          |   17.822|
data2<2>       |dataOut<2>     |    7.161|
data2<2>       |dataOut<3>     |    7.861|
data2<2>       |dataOut<4>     |    7.951|
data2<2>       |dataOut<5>     |    8.536|
data2<2>       |dataOut<6>     |    9.059|
data2<2>       |dataOut<7>     |    9.237|
data2<2>       |dataOut<8>     |   10.523|
data2<2>       |dataOut<9>     |   10.897|
data2<2>       |dataOut<10>    |   10.785|
data2<2>       |dataOut<11>    |   11.257|
data2<2>       |dataOut<12>    |   11.620|
data2<2>       |dataOut<13>    |   11.900|
data2<2>       |dataOut<14>    |   12.545|
data2<2>       |dataOut<15>    |   13.191|
data2<2>       |dataOut<16>    |   13.108|
data2<2>       |dataOut<17>    |   13.684|
data2<2>       |dataOut<18>    |   13.379|
data2<2>       |dataOut<19>    |   14.218|
data2<2>       |dataOut<20>    |   13.993|
data2<2>       |dataOut<21>    |   14.236|
data2<2>       |dataOut<22>    |   15.259|
data2<2>       |dataOut<23>    |   14.718|
data2<2>       |dataOut<24>    |   15.426|
data2<2>       |dataOut<25>    |   15.659|
data2<2>       |dataOut<26>    |   15.815|
data2<2>       |dataOut<27>    |   15.982|
data2<2>       |dataOut<28>    |   16.934|
data2<2>       |dataOut<29>    |   16.927|
data2<2>       |dataOut<30>    |   17.724|
data2<2>       |dataOut<31>    |   16.996|
data2<3>       |cflag          |   17.853|
data2<3>       |dataOut<3>     |    7.748|
data2<3>       |dataOut<4>     |    7.982|
data2<3>       |dataOut<5>     |    8.567|
data2<3>       |dataOut<6>     |    9.090|
data2<3>       |dataOut<7>     |    9.268|
data2<3>       |dataOut<8>     |   10.554|
data2<3>       |dataOut<9>     |   10.928|
data2<3>       |dataOut<10>    |   10.816|
data2<3>       |dataOut<11>    |   11.288|
data2<3>       |dataOut<12>    |   11.651|
data2<3>       |dataOut<13>    |   11.931|
data2<3>       |dataOut<14>    |   12.576|
data2<3>       |dataOut<15>    |   13.222|
data2<3>       |dataOut<16>    |   13.139|
data2<3>       |dataOut<17>    |   13.715|
data2<3>       |dataOut<18>    |   13.410|
data2<3>       |dataOut<19>    |   14.249|
data2<3>       |dataOut<20>    |   14.024|
data2<3>       |dataOut<21>    |   14.267|
data2<3>       |dataOut<22>    |   15.290|
data2<3>       |dataOut<23>    |   14.749|
data2<3>       |dataOut<24>    |   15.457|
data2<3>       |dataOut<25>    |   15.690|
data2<3>       |dataOut<26>    |   15.846|
data2<3>       |dataOut<27>    |   16.013|
data2<3>       |dataOut<28>    |   16.965|
data2<3>       |dataOut<29>    |   16.958|
data2<3>       |dataOut<30>    |   17.755|
data2<3>       |dataOut<31>    |   17.027|
data2<4>       |cflag          |   16.565|
data2<4>       |dataOut<4>     |    7.569|
data2<4>       |dataOut<5>     |    7.706|
data2<4>       |dataOut<6>     |    7.802|
data2<4>       |dataOut<7>     |    7.980|
data2<4>       |dataOut<8>     |    9.266|
data2<4>       |dataOut<9>     |    9.640|
data2<4>       |dataOut<10>    |    9.528|
data2<4>       |dataOut<11>    |   10.000|
data2<4>       |dataOut<12>    |   10.363|
data2<4>       |dataOut<13>    |   10.643|
data2<4>       |dataOut<14>    |   11.288|
data2<4>       |dataOut<15>    |   11.934|
data2<4>       |dataOut<16>    |   11.851|
data2<4>       |dataOut<17>    |   12.427|
data2<4>       |dataOut<18>    |   12.122|
data2<4>       |dataOut<19>    |   12.961|
data2<4>       |dataOut<20>    |   12.736|
data2<4>       |dataOut<21>    |   12.979|
data2<4>       |dataOut<22>    |   14.002|
data2<4>       |dataOut<23>    |   13.461|
data2<4>       |dataOut<24>    |   14.169|
data2<4>       |dataOut<25>    |   14.402|
data2<4>       |dataOut<26>    |   14.558|
data2<4>       |dataOut<27>    |   14.725|
data2<4>       |dataOut<28>    |   15.677|
data2<4>       |dataOut<29>    |   15.670|
data2<4>       |dataOut<30>    |   16.467|
data2<4>       |dataOut<31>    |   15.739|
data2<5>       |cflag          |   16.493|
data2<5>       |dataOut<5>     |    8.034|
data2<5>       |dataOut<6>     |    7.730|
data2<5>       |dataOut<7>     |    7.908|
data2<5>       |dataOut<8>     |    9.194|
data2<5>       |dataOut<9>     |    9.568|
data2<5>       |dataOut<10>    |    9.456|
data2<5>       |dataOut<11>    |    9.928|
data2<5>       |dataOut<12>    |   10.291|
data2<5>       |dataOut<13>    |   10.571|
data2<5>       |dataOut<14>    |   11.216|
data2<5>       |dataOut<15>    |   11.862|
data2<5>       |dataOut<16>    |   11.779|
data2<5>       |dataOut<17>    |   12.355|
data2<5>       |dataOut<18>    |   12.050|
data2<5>       |dataOut<19>    |   12.889|
data2<5>       |dataOut<20>    |   12.664|
data2<5>       |dataOut<21>    |   12.907|
data2<5>       |dataOut<22>    |   13.930|
data2<5>       |dataOut<23>    |   13.389|
data2<5>       |dataOut<24>    |   14.097|
data2<5>       |dataOut<25>    |   14.330|
data2<5>       |dataOut<26>    |   14.486|
data2<5>       |dataOut<27>    |   14.653|
data2<5>       |dataOut<28>    |   15.605|
data2<5>       |dataOut<29>    |   15.598|
data2<5>       |dataOut<30>    |   16.395|
data2<5>       |dataOut<31>    |   15.667|
data2<6>       |cflag          |   15.814|
data2<6>       |dataOut<6>     |    7.350|
data2<6>       |dataOut<7>     |    7.598|
data2<6>       |dataOut<8>     |    8.515|
data2<6>       |dataOut<9>     |    8.889|
data2<6>       |dataOut<10>    |    8.777|
data2<6>       |dataOut<11>    |    9.249|
data2<6>       |dataOut<12>    |    9.612|
data2<6>       |dataOut<13>    |    9.892|
data2<6>       |dataOut<14>    |   10.537|
data2<6>       |dataOut<15>    |   11.183|
data2<6>       |dataOut<16>    |   11.100|
data2<6>       |dataOut<17>    |   11.676|
data2<6>       |dataOut<18>    |   11.371|
data2<6>       |dataOut<19>    |   12.210|
data2<6>       |dataOut<20>    |   11.985|
data2<6>       |dataOut<21>    |   12.228|
data2<6>       |dataOut<22>    |   13.251|
data2<6>       |dataOut<23>    |   12.710|
data2<6>       |dataOut<24>    |   13.418|
data2<6>       |dataOut<25>    |   13.651|
data2<6>       |dataOut<26>    |   13.807|
data2<6>       |dataOut<27>    |   13.974|
data2<6>       |dataOut<28>    |   14.926|
data2<6>       |dataOut<29>    |   14.919|
data2<6>       |dataOut<30>    |   15.716|
data2<6>       |dataOut<31>    |   14.988|
data2<7>       |cflag          |   15.665|
data2<7>       |dataOut<7>     |    7.446|
data2<7>       |dataOut<8>     |    8.366|
data2<7>       |dataOut<9>     |    8.740|
data2<7>       |dataOut<10>    |    8.628|
data2<7>       |dataOut<11>    |    9.100|
data2<7>       |dataOut<12>    |    9.463|
data2<7>       |dataOut<13>    |    9.743|
data2<7>       |dataOut<14>    |   10.388|
data2<7>       |dataOut<15>    |   11.034|
data2<7>       |dataOut<16>    |   10.951|
data2<7>       |dataOut<17>    |   11.527|
data2<7>       |dataOut<18>    |   11.222|
data2<7>       |dataOut<19>    |   12.061|
data2<7>       |dataOut<20>    |   11.836|
data2<7>       |dataOut<21>    |   12.079|
data2<7>       |dataOut<22>    |   13.102|
data2<7>       |dataOut<23>    |   12.561|
data2<7>       |dataOut<24>    |   13.269|
data2<7>       |dataOut<25>    |   13.502|
data2<7>       |dataOut<26>    |   13.658|
data2<7>       |dataOut<27>    |   13.825|
data2<7>       |dataOut<28>    |   14.777|
data2<7>       |dataOut<29>    |   14.770|
data2<7>       |dataOut<30>    |   15.567|
data2<7>       |dataOut<31>    |   14.839|
data2<8>       |cflag          |   15.087|
data2<8>       |dataOut<8>     |    7.496|
data2<8>       |dataOut<9>     |    8.327|
data2<8>       |dataOut<10>    |    8.050|
data2<8>       |dataOut<11>    |    8.522|
data2<8>       |dataOut<12>    |    8.885|
data2<8>       |dataOut<13>    |    9.165|
data2<8>       |dataOut<14>    |    9.810|
data2<8>       |dataOut<15>    |   10.456|
data2<8>       |dataOut<16>    |   10.373|
data2<8>       |dataOut<17>    |   10.949|
data2<8>       |dataOut<18>    |   10.644|
data2<8>       |dataOut<19>    |   11.483|
data2<8>       |dataOut<20>    |   11.258|
data2<8>       |dataOut<21>    |   11.501|
data2<8>       |dataOut<22>    |   12.524|
data2<8>       |dataOut<23>    |   11.983|
data2<8>       |dataOut<24>    |   12.691|
data2<8>       |dataOut<25>    |   12.924|
data2<8>       |dataOut<26>    |   13.080|
data2<8>       |dataOut<27>    |   13.247|
data2<8>       |dataOut<28>    |   14.199|
data2<8>       |dataOut<29>    |   14.192|
data2<8>       |dataOut<30>    |   14.989|
data2<8>       |dataOut<31>    |   14.261|
data2<9>       |cflag          |   15.067|
data2<9>       |dataOut<9>     |    8.373|
data2<9>       |dataOut<10>    |    8.030|
data2<9>       |dataOut<11>    |    8.502|
data2<9>       |dataOut<12>    |    8.865|
data2<9>       |dataOut<13>    |    9.145|
data2<9>       |dataOut<14>    |    9.790|
data2<9>       |dataOut<15>    |   10.436|
data2<9>       |dataOut<16>    |   10.353|
data2<9>       |dataOut<17>    |   10.929|
data2<9>       |dataOut<18>    |   10.624|
data2<9>       |dataOut<19>    |   11.463|
data2<9>       |dataOut<20>    |   11.238|
data2<9>       |dataOut<21>    |   11.481|
data2<9>       |dataOut<22>    |   12.504|
data2<9>       |dataOut<23>    |   11.963|
data2<9>       |dataOut<24>    |   12.671|
data2<9>       |dataOut<25>    |   12.904|
data2<9>       |dataOut<26>    |   13.060|
data2<9>       |dataOut<27>    |   13.227|
data2<9>       |dataOut<28>    |   14.179|
data2<9>       |dataOut<29>    |   14.172|
data2<9>       |dataOut<30>    |   14.969|
data2<9>       |dataOut<31>    |   14.241|
data2<10>      |cflag          |   14.813|
data2<10>      |dataOut<10>    |    7.338|
data2<10>      |dataOut<11>    |    7.938|
data2<10>      |dataOut<12>    |    8.611|
data2<10>      |dataOut<13>    |    8.891|
data2<10>      |dataOut<14>    |    9.536|
data2<10>      |dataOut<15>    |   10.182|
data2<10>      |dataOut<16>    |   10.099|
data2<10>      |dataOut<17>    |   10.675|
data2<10>      |dataOut<18>    |   10.370|
data2<10>      |dataOut<19>    |   11.209|
data2<10>      |dataOut<20>    |   10.984|
data2<10>      |dataOut<21>    |   11.227|
data2<10>      |dataOut<22>    |   12.250|
data2<10>      |dataOut<23>    |   11.709|
data2<10>      |dataOut<24>    |   12.417|
data2<10>      |dataOut<25>    |   12.650|
data2<10>      |dataOut<26>    |   12.806|
data2<10>      |dataOut<27>    |   12.973|
data2<10>      |dataOut<28>    |   13.925|
data2<10>      |dataOut<29>    |   13.918|
data2<10>      |dataOut<30>    |   14.715|
data2<10>      |dataOut<31>    |   13.987|
data2<11>      |cflag          |   14.763|
data2<11>      |dataOut<11>    |    7.799|
data2<11>      |dataOut<12>    |    8.561|
data2<11>      |dataOut<13>    |    8.841|
data2<11>      |dataOut<14>    |    9.486|
data2<11>      |dataOut<15>    |   10.132|
data2<11>      |dataOut<16>    |   10.049|
data2<11>      |dataOut<17>    |   10.625|
data2<11>      |dataOut<18>    |   10.320|
data2<11>      |dataOut<19>    |   11.159|
data2<11>      |dataOut<20>    |   10.934|
data2<11>      |dataOut<21>    |   11.177|
data2<11>      |dataOut<22>    |   12.200|
data2<11>      |dataOut<23>    |   11.659|
data2<11>      |dataOut<24>    |   12.367|
data2<11>      |dataOut<25>    |   12.600|
data2<11>      |dataOut<26>    |   12.756|
data2<11>      |dataOut<27>    |   12.923|
data2<11>      |dataOut<28>    |   13.875|
data2<11>      |dataOut<29>    |   13.868|
data2<11>      |dataOut<30>    |   14.665|
data2<11>      |dataOut<31>    |   13.937|
data2<12>      |cflag          |   12.696|
data2<12>      |dataOut<12>    |    7.240|
data2<12>      |dataOut<13>    |    7.357|
data2<12>      |dataOut<14>    |    7.419|
data2<12>      |dataOut<15>    |    8.065|
data2<12>      |dataOut<16>    |    7.982|
data2<12>      |dataOut<17>    |    8.558|
data2<12>      |dataOut<18>    |    8.253|
data2<12>      |dataOut<19>    |    9.092|
data2<12>      |dataOut<20>    |    8.867|
data2<12>      |dataOut<21>    |    9.110|
data2<12>      |dataOut<22>    |   10.133|
data2<12>      |dataOut<23>    |    9.592|
data2<12>      |dataOut<24>    |   10.300|
data2<12>      |dataOut<25>    |   10.533|
data2<12>      |dataOut<26>    |   10.689|
data2<12>      |dataOut<27>    |   10.856|
data2<12>      |dataOut<28>    |   11.808|
data2<12>      |dataOut<29>    |   11.801|
data2<12>      |dataOut<30>    |   12.598|
data2<12>      |dataOut<31>    |   11.870|
data2<13>      |cflag          |   13.076|
data2<13>      |dataOut<13>    |    7.803|
data2<13>      |dataOut<14>    |    7.799|
data2<13>      |dataOut<15>    |    8.445|
data2<13>      |dataOut<16>    |    8.362|
data2<13>      |dataOut<17>    |    8.938|
data2<13>      |dataOut<18>    |    8.633|
data2<13>      |dataOut<19>    |    9.472|
data2<13>      |dataOut<20>    |    9.247|
data2<13>      |dataOut<21>    |    9.490|
data2<13>      |dataOut<22>    |   10.513|
data2<13>      |dataOut<23>    |    9.972|
data2<13>      |dataOut<24>    |   10.680|
data2<13>      |dataOut<25>    |   10.913|
data2<13>      |dataOut<26>    |   11.069|
data2<13>      |dataOut<27>    |   11.236|
data2<13>      |dataOut<28>    |   12.188|
data2<13>      |dataOut<29>    |   12.181|
data2<13>      |dataOut<30>    |   12.978|
data2<13>      |dataOut<31>    |   12.250|
data2<14>      |cflag          |   12.524|
data2<14>      |dataOut<14>    |    6.980|
data2<14>      |dataOut<15>    |    7.521|
data2<14>      |dataOut<16>    |    7.810|
data2<14>      |dataOut<17>    |    8.386|
data2<14>      |dataOut<18>    |    8.081|
data2<14>      |dataOut<19>    |    8.920|
data2<14>      |dataOut<20>    |    8.695|
data2<14>      |dataOut<21>    |    8.938|
data2<14>      |dataOut<22>    |    9.961|
data2<14>      |dataOut<23>    |    9.420|
data2<14>      |dataOut<24>    |   10.128|
data2<14>      |dataOut<25>    |   10.361|
data2<14>      |dataOut<26>    |   10.517|
data2<14>      |dataOut<27>    |   10.684|
data2<14>      |dataOut<28>    |   11.636|
data2<14>      |dataOut<29>    |   11.629|
data2<14>      |dataOut<30>    |   12.426|
data2<14>      |dataOut<31>    |   11.698|
data2<15>      |cflag          |   12.194|
data2<15>      |dataOut<15>    |    7.641|
data2<15>      |dataOut<16>    |    7.480|
data2<15>      |dataOut<17>    |    8.056|
data2<15>      |dataOut<18>    |    7.751|
data2<15>      |dataOut<19>    |    8.590|
data2<15>      |dataOut<20>    |    8.365|
data2<15>      |dataOut<21>    |    8.608|
data2<15>      |dataOut<22>    |    9.631|
data2<15>      |dataOut<23>    |    9.090|
data2<15>      |dataOut<24>    |    9.798|
data2<15>      |dataOut<25>    |   10.031|
data2<15>      |dataOut<26>    |   10.187|
data2<15>      |dataOut<27>    |   10.354|
data2<15>      |dataOut<28>    |   11.306|
data2<15>      |dataOut<29>    |   11.299|
data2<15>      |dataOut<30>    |   12.096|
data2<15>      |dataOut<31>    |   11.368|
data2<16>      |cflag          |   11.903|
data2<16>      |dataOut<16>    |    7.084|
data2<16>      |dataOut<17>    |    7.366|
data2<16>      |dataOut<18>    |    7.460|
data2<16>      |dataOut<19>    |    8.299|
data2<16>      |dataOut<20>    |    8.074|
data2<16>      |dataOut<21>    |    8.317|
data2<16>      |dataOut<22>    |    9.340|
data2<16>      |dataOut<23>    |    8.799|
data2<16>      |dataOut<24>    |    9.507|
data2<16>      |dataOut<25>    |    9.740|
data2<16>      |dataOut<26>    |    9.896|
data2<16>      |dataOut<27>    |   10.063|
data2<16>      |dataOut<28>    |   11.015|
data2<16>      |dataOut<29>    |   11.008|
data2<16>      |dataOut<30>    |   11.805|
data2<16>      |dataOut<31>    |   11.077|
data2<17>      |cflag          |   11.632|
data2<17>      |dataOut<17>    |    7.722|
data2<17>      |dataOut<18>    |    7.189|
data2<17>      |dataOut<19>    |    8.028|
data2<17>      |dataOut<20>    |    7.803|
data2<17>      |dataOut<21>    |    8.046|
data2<17>      |dataOut<22>    |    9.069|
data2<17>      |dataOut<23>    |    8.528|
data2<17>      |dataOut<24>    |    9.236|
data2<17>      |dataOut<25>    |    9.469|
data2<17>      |dataOut<26>    |    9.625|
data2<17>      |dataOut<27>    |    9.792|
data2<17>      |dataOut<28>    |   10.744|
data2<17>      |dataOut<29>    |   10.737|
data2<17>      |dataOut<30>    |   11.534|
data2<17>      |dataOut<31>    |   10.806|
data2<18>      |cflag          |   11.327|
data2<18>      |dataOut<18>    |    6.392|
data2<18>      |dataOut<19>    |    7.500|
data2<18>      |dataOut<20>    |    7.498|
data2<18>      |dataOut<21>    |    7.741|
data2<18>      |dataOut<22>    |    8.764|
data2<18>      |dataOut<23>    |    8.223|
data2<18>      |dataOut<24>    |    8.931|
data2<18>      |dataOut<25>    |    9.164|
data2<18>      |dataOut<26>    |    9.320|
data2<18>      |dataOut<27>    |    9.487|
data2<18>      |dataOut<28>    |   10.439|
data2<18>      |dataOut<29>    |   10.432|
data2<18>      |dataOut<30>    |   11.229|
data2<18>      |dataOut<31>    |   10.501|
data2<19>      |cflag          |   11.222|
data2<19>      |dataOut<19>    |    7.339|
data2<19>      |dataOut<20>    |    7.393|
data2<19>      |dataOut<21>    |    7.636|
data2<19>      |dataOut<22>    |    8.659|
data2<19>      |dataOut<23>    |    8.118|
data2<19>      |dataOut<24>    |    8.826|
data2<19>      |dataOut<25>    |    9.059|
data2<19>      |dataOut<26>    |    9.215|
data2<19>      |dataOut<27>    |    9.382|
data2<19>      |dataOut<28>    |   10.334|
data2<19>      |dataOut<29>    |   10.327|
data2<19>      |dataOut<30>    |   11.124|
data2<19>      |dataOut<31>    |   10.396|
data2<20>      |cflag          |   10.642|
data2<20>      |dataOut<20>    |    7.333|
data2<20>      |dataOut<21>    |    8.258|
data2<20>      |dataOut<22>    |    8.079|
data2<20>      |dataOut<23>    |    7.538|
data2<20>      |dataOut<24>    |    8.246|
data2<20>      |dataOut<25>    |    8.479|
data2<20>      |dataOut<26>    |    8.635|
data2<20>      |dataOut<27>    |    8.802|
data2<20>      |dataOut<28>    |    9.754|
data2<20>      |dataOut<29>    |    9.747|
data2<20>      |dataOut<30>    |   10.544|
data2<20>      |dataOut<31>    |    9.816|
data2<21>      |cflag          |   10.898|
data2<21>      |dataOut<21>    |    7.871|
data2<21>      |dataOut<22>    |    8.335|
data2<21>      |dataOut<23>    |    7.794|
data2<21>      |dataOut<24>    |    8.502|
data2<21>      |dataOut<25>    |    8.735|
data2<21>      |dataOut<26>    |    8.891|
data2<21>      |dataOut<27>    |    9.058|
data2<21>      |dataOut<28>    |   10.010|
data2<21>      |dataOut<29>    |   10.003|
data2<21>      |dataOut<30>    |   10.800|
data2<21>      |dataOut<31>    |   10.072|
data2<22>      |cflag          |   10.231|
data2<22>      |dataOut<22>    |    7.197|
data2<22>      |dataOut<23>    |    8.007|
data2<22>      |dataOut<24>    |    7.835|
data2<22>      |dataOut<25>    |    8.068|
data2<22>      |dataOut<26>    |    8.224|
data2<22>      |dataOut<27>    |    8.391|
data2<22>      |dataOut<28>    |    9.343|
data2<22>      |dataOut<29>    |    9.336|
data2<22>      |dataOut<30>    |   10.133|
data2<22>      |dataOut<31>    |    9.405|
data2<23>      |cflag          |    9.501|
data2<23>      |dataOut<23>    |    7.526|
data2<23>      |dataOut<24>    |    7.105|
data2<23>      |dataOut<25>    |    7.338|
data2<23>      |dataOut<26>    |    7.494|
data2<23>      |dataOut<27>    |    7.661|
data2<23>      |dataOut<28>    |    8.613|
data2<23>      |dataOut<29>    |    8.606|
data2<23>      |dataOut<30>    |    9.403|
data2<23>      |dataOut<31>    |    8.675|
data2<24>      |cflag          |    9.727|
data2<24>      |dataOut<24>    |    7.058|
data2<24>      |dataOut<25>    |    8.058|
data2<24>      |dataOut<26>    |    7.720|
data2<24>      |dataOut<27>    |    7.887|
data2<24>      |dataOut<28>    |    8.839|
data2<24>      |dataOut<29>    |    8.832|
data2<24>      |dataOut<30>    |    9.629|
data2<24>      |dataOut<31>    |    8.901|
data2<25>      |cflag          |    9.688|
data2<25>      |dataOut<25>    |    7.664|
data2<25>      |dataOut<26>    |    7.681|
data2<25>      |dataOut<27>    |    7.848|
data2<25>      |dataOut<28>    |    8.800|
data2<25>      |dataOut<29>    |    8.793|
data2<25>      |dataOut<30>    |    9.590|
data2<25>      |dataOut<31>    |    8.862|
data2<26>      |cflag          |    9.368|
data2<26>      |dataOut<26>    |    7.175|
data2<26>      |dataOut<27>    |    8.165|
data2<26>      |dataOut<28>    |    8.480|
data2<26>      |dataOut<29>    |    8.473|
data2<26>      |dataOut<30>    |    9.270|
data2<26>      |dataOut<31>    |    8.542|
data2<27>      |cflag          |    9.275|
data2<27>      |dataOut<27>    |    7.533|
data2<27>      |dataOut<28>    |    8.387|
data2<27>      |dataOut<29>    |    8.380|
data2<27>      |dataOut<30>    |    9.177|
data2<27>      |dataOut<31>    |    8.449|
data2<28>      |cflag          |    8.413|
data2<28>      |dataOut<28>    |    7.257|
data2<28>      |dataOut<29>    |    7.673|
data2<28>      |dataOut<30>    |    8.315|
data2<28>      |dataOut<31>    |    7.587|
data2<29>      |cflag          |    7.965|
data2<29>      |dataOut<29>    |    8.121|
data2<29>      |dataOut<30>    |    7.867|
data2<29>      |dataOut<31>    |    7.139|
data2<30>      |cflag          |    7.471|
data2<30>      |dataOut<30>    |    7.352|
data2<30>      |dataOut<31>    |    8.264|
data2<31>      |cflag          |    7.476|
data2<31>      |dataOut<31>    |    7.969|
---------------+---------------+---------+


Analysis completed Thu Apr 02 02:13:16 2020 
--------------------------------------------------------------------------------

Trace Settings:
-------------------------
Trace Settings 

Peak Memory Usage: 472 MB



